******************************************************************************
             TMS320C2000 Linker Unix v22.6.0                   
******************************************************************************
>> Linked Wed Jul 29 16:47:43 2026

OUTPUT FILE NAME:   <CANopenNode_bootloader.out>
ENTRY POINT SYMBOL: "_c_int00"  address: 0033c1c9


MEMORY CONFIGURATION

         name            origin    length      used     unused   attr    fill
----------------------  --------  ---------  --------  --------  ----  --------
PAGE 0:
  L0SARAM               00008000   00001000  000007c2  0000083e  RWIX
  APP_FLASH             00300000   00037f7e  00000000  00037f7e  RWIX
  APP_BEGIN             00337f7e   00000002  00000000  00000002  RWIX
  APP_CRC               00337f80   00000080  00000000  00000080  RWIX
  BOOT_FLASH            00338000   00007f80  0000547d  00002b03  RWIX
  CSM_RSVD              0033ff80   00000076  00000000  00000076  RWIX
  BOOT_BEGIN            0033fff6   00000002  00000002  00000000  RWIX
  CSM_PWL               0033fff8   00000008  00000000  00000008  RWIX
  ADC_CAL               00380080   00000009  00000000  00000009  RWIX
  OTP                   00380400   00000400  00000000  00000400  RWIX
  IQTABLES              003fe000   00000b50  00000000  00000b50  RWIX
  IQTABLES2             003feb50   0000008c  00000000  0000008c  RWIX
  FPUTABLES             003febdc   000006a0  00000000  000006a0  RWIX
  ROM                   003ff27c   00000d44  00000000  00000d44  RWIX
  RESET                 003fffc0   00000002  00000000  00000002  RWIX
  VECTORS               003fffc2   0000003e  00000000  0000003e  RWIX

PAGE 1:
  RESERVED              00000000   00000002  00000000  00000002  RWIX
  M01SARAM              00000002   000007fe  000006c6  00000138  RWIX
  DEV_EMU               00000880   00000180  000000d0  000000b0  RWIX
  FLASH_REGS            00000a80   00000060  00000008  00000058  RWIX
  CSM                   00000ae0   00000010  00000010  00000000  RWIX
  ADC_MIRROR            00000b00   00000010  00000010  00000000  RWIX
  XINTF                 00000b20   00000020  0000001e  00000002  RWIX
  CPU_TIMER0            00000c00   00000008  00000008  00000000  RWIX
  CPU_TIMER1            00000c08   00000008  00000008  00000000  RWIX
  CPU_TIMER2            00000c10   00000008  00000008  00000000  RWIX
  PIE_CTRL              00000ce0   00000020  0000001a  00000006  RWIX
  PIEVECT               00000d00   00000100  00000000  00000100  RWIX
  DMA                   00001000   00000200  000000e0  00000120  RWIX
  MCBSPA                00005000   00000040  00000025  0000001b  RWIX
  MCBSPB                00005040   00000040  00000025  0000001b  RWIX
  ECANA                 00006000   00000040  00000034  0000000c  RWIX
  ECANA_LAM             00006040   00000040  00000040  00000000  RWIX
  ECANA_MOTS            00006080   00000040  00000040  00000000  RWIX
  ECANA_MOTO            000060c0   00000040  00000040  00000000  RWIX
  ECANA_MBOX            00006100   00000100  00000100  00000000  RWIX
  ECANB                 00006200   00000040  00000034  0000000c  RWIX
  ECANB_LAM             00006240   00000040  00000040  00000000  RWIX
  ECANB_MOTS            00006280   00000040  00000040  00000000  RWIX
  ECANB_MOTO            000062c0   00000040  00000040  00000000  RWIX
  ECANB_MBOX            00006300   00000100  00000100  00000000  RWIX
  EPWM1                 00006800   00000022  00000022  00000000  RWIX
  EPWM2                 00006840   00000022  00000022  00000000  RWIX
  EPWM3                 00006880   00000022  00000022  00000000  RWIX
  EPWM4                 000068c0   00000022  00000022  00000000  RWIX
  EPWM5                 00006900   00000022  00000022  00000000  RWIX
  EPWM6                 00006940   00000022  00000022  00000000  RWIX
  ECAP1                 00006a00   00000020  00000020  00000000  RWIX
  ECAP2                 00006a20   00000020  00000020  00000000  RWIX
  ECAP3                 00006a40   00000020  00000020  00000000  RWIX
  ECAP4                 00006a60   00000020  00000020  00000000  RWIX
  ECAP5                 00006a80   00000020  00000020  00000000  RWIX
  ECAP6                 00006aa0   00000020  00000020  00000000  RWIX
  EQEP1                 00006b00   00000040  00000040  00000000  RWIX
  EQEP2                 00006b40   00000040  00000040  00000000  RWIX
  GPIOCTRL              00006f80   00000040  0000002e  00000012  RWIX
  GPIODAT               00006fc0   00000020  00000020  00000000  RWIX
  GPIOINT               00006fe0   00000020  0000000a  00000016  RWIX
  SYSTEM                00007010   00000020  00000020  00000000  RWIX
  SPIA                  00007040   00000010  00000010  00000000  RWIX
  SCIA                  00007050   00000010  00000010  00000000  RWIX
  XINTRUPT              00007070   00000010  00000010  00000000  RWIX
  ADC                   00007100   00000020  0000001e  00000002  RWIX
  SCIB                  00007750   00000010  00000010  00000000  RWIX
  SCIC                  00007770   00000010  00000010  00000000  RWIX
  I2CA                  00007900   00000040  00000022  0000001e  RWIX
  L17SARAM              00009000   00006ffc  00002000  00004ffc  RWIX
  BOOT_FLAG             0000fffc   00000004  00000000  00000004  RWIX
  CSM_PWL               0033fff8   00000008  00000008  00000000  RWIX
  PARTID                00380090   00000001  00000001  00000000  RWIX


SECTION ALLOCATION MAP

 output                                  attributes/
section   page    origin      length       input sections
--------  ----  ----------  ----------   ----------------
.cinit     0    0033d326    00000157     
                  0033d326    0000006b     OD.obj (.cinit:_ODList)
                  0033d391    00000037     OD.obj (.cinit)
                  0033d3c8    00000026     rts2800_fpu32.lib : defs.c.obj (.cinit:__ftable)
                  0033d3ee    0000001b                       : host_device.c.obj (.cinit:__device)
                  0033d409    00000017     bootloader.obj (.cinit)
                  0033d420    00000012     CO_Prog_F28335.obj (.cinit)
                  0033d432    0000000e     rts2800_fpu32.lib : host_device.c.obj (.cinit:__stream)
                  0033d440    0000000e                       : exit.c.obj (.cinit)
                  0033d44e    0000000a     Flash28335_API_V210.lib : Flash28_Globals.obj (.cinit)
                  0033d458    00000005     rts2800_fpu32.lib : _lock.c.obj (.cinit:__lock)
                  0033d45d    00000005                       : _lock.c.obj (.cinit:__unlock)
                  0033d462    00000005     crc.obj (.cinit:_crc_table)
                  0033d467    00000004     rts2800_fpu32.lib : defs.c.obj (.cinit)
                  0033d46b    00000004                       : errno.c.obj (.cinit)
                  0033d46f    00000004                       : fopen.c.obj (.cinit)
                  0033d473    00000004                       : memory.c.obj (.cinit)
                  0033d477    00000004                       : open.c.obj (.cinit)
                  0033d47b    00000002     --HOLE-- [fill = 0]

.pinit     0    00338000    00000000     UNINITIALIZED

.text      0    00338000    00004804     
                  00338000    00000fca     CO_SDOserver.obj (.text)
                  00338fca    000006d0     rts2800_fpu32.lib : _printfi.c.obj (.text)
                  0033969a    000005f5                       : _printfi.c.obj (.text:__TI_printfi)
                  00339c8f    000005e2     CO_driver.obj (.text)
                  0033a271    000003b3     CO_Emergency.obj (.text)
                  0033a624    000002cc     CO_Prog_F28335.obj (.text)
                  0033a8f0    000002ba     CO_LSSslave.obj (.text)
                  0033abaa    0000028c     rts2800_fpu32.lib : memory.c.obj (.text)
                  0033ae36    00000262     CO_ODinterface.obj (.text)
                  0033b098    0000024b     CANopen.obj (.text)
                  0033b2e3    0000023d     bootloader.obj (.text)
                  0033b520    0000020a     CO_NMT_Heartbeat.obj (.text)
                  0033b72a    00000121     rts2800_fpu32.lib : fopen.c.obj (.text)
                  0033b84b    00000107                       : ll_div28.asm.obj (.text)
                  0033b952    000000d0     crc.obj (.text)
                  0033ba22    000000d0     eeprom.obj (.text)
                  0033baf2    000000a9     rts2800_fpu32.lib : s_scalbn.c.obj (.text)
                  0033bb9b    000000a8                       : fputs.c.obj (.text)
                  0033bc43    0000009c                       : fd_add28.asm.obj (.text)
                  0033bcdf    00000001                       : startup.c.obj (.text)
                  0033bce0    00000095                       : trgmsg.c.obj (.text)
                  0033bd75    0000008b                       : fd_div28.asm.obj (.text)
                  0033be00    00000083                       : fd_mpy28.asm.obj (.text)
                  0033be83    0000007c                       : setvbuf.c.obj (.text)
                  0033beff    00000073                       : fflush.c.obj (.text)
                  0033bf72    00000071                       : open.c.obj (.text)
                  0033bfe3    0000006f     CO_Prog.obj (.text)
                  0033c052    00000065     rts2800_fpu32.lib : _io_perm.c.obj (.text)
                  0033c0b7    0000005d                       : fclose.c.obj (.text)
                  0033c114    0000005b                       : hostlseek.c.obj (.text)
                  0033c16f    0000005a                       : s_frexp.c.obj (.text)
                  0033c1c9    00000056                       : boot28.asm.obj (.text)
                  0033c21f    00000053                       : fputc.c.obj (.text)
                  0033c272    00000051                       : getdevice.c.obj (.text)
                  0033c2c3    0000003e                       : hostrename.c.obj (.text)
                  0033c301    0000003d                       : fseek.c.obj (.text)
                  0033c33e    00000038                       : hostopen.c.obj (.text)
                  0033c376    00000037                       : hostwrite.c.obj (.text)
                  0033c3ad    00000036                       : hostread.c.obj (.text)
                  0033c3e3    00000033     crc16-ccitt.obj (.text)
                  0033c416    00000033     rts2800_fpu32.lib : close.c.obj (.text)
                  0033c449    00000031                       : atoi.c.obj (.text)
                  0033c47a    00000031                       : fprintf.c.obj (.text)
                  0033c4ab    00000030                       : _ltoa.c.obj (.text)
                  0033c4db    0000002a                       : fd_cmp28.asm.obj (.text)
                  0033c505    0000002a                       : l_div28.asm.obj (.text)
                  0033c52f    00000029                       : exit.c.obj (.text)
                  0033c558    00000027                       : hostclose.c.obj (.text)
                  0033c57f    00000024                       : cpy_tbl.c.obj (.text)
                  0033c5a3    00000024                       : hostunlink.c.obj (.text)
                  0033c5c7    00000024                       : s_copysign.c.obj (.text)
                  0033c5eb    00000022                       : i_div28.asm.obj (.text)
                  0033c60d    00000021                       : fd_toi28.asm.obj (.text)
                  0033c62e    00000021                       : memmov.c.obj (.text)
                  0033c64f    0000001f                       : fd_tol28.asm.obj (.text)
                  0033c66e    0000001e                       : ll_cmp28.asm.obj (.text)
                  0033c68c    0000001d                       : i_tofd28.asm.obj (.text)
                  0033c6a9    0000001d                       : memcpy.c.obj (.text)
                  0033c6c6    0000001c                       : fs_tofdfpu32.asm.obj (.text)
                  0033c6e2    0000001c                       : l_tofd28.asm.obj (.text)
                  0033c6fe    00000019                       : unlink.c.obj (.text)
                  0033c717    00000019                       : write.c.obj (.text)
                  0033c730    00000018                       : ll_aox28.asm.obj (.text)
                  0033c748    00000018                       : lseek.c.obj (.text)
                  0033c760    00000015                       : strncpy.c.obj (.text)
                  0033c775    00000012                       : args_main.c.obj (.text)
                  0033c787    00000010                       : memccpy.c.obj (.text)
                  0033c797    0000000e                       : fd_sub28.asm.obj (.text)
                  0033c7a5    0000000d                       : memchr.c.obj (.text)
                  0033c7b2    0000000c                       : strchr.c.obj (.text)
                  0033c7be    0000000a                       : strcmp.c.obj (.text)
                  0033c7c8    00000009                       : _lock.c.obj (.text)
                  0033c7d1    00000009                       : fd_neg28.asm.obj (.text)
                  0033c7da    00000009                       : wcslen.c.obj (.text)
                  0033c7e3    00000008     boot.obj (.text)
                  0033c7eb    00000008     rts2800_fpu32.lib : strlen.c.obj (.text)
                  0033c7f3    00000007                       : memset.c.obj (.text)
                  0033c7fa    00000005                       : strcpy.c.obj (.text)
                  0033c7ff    00000003                       : remove.c.obj (.text)
                  0033c802    00000002                       : pre_init.c.obj (.text)

.econst    0    0033cfc6    00000360     
                  0033cfc6    00000101     rts2800_fpu32.lib : ctype.c.obj (.econst:.string:__ctypes_)
                  0033d0c7    00000100     crc16-ccitt.obj (.econst:_crc16_ccitt_table)
                  0033d1c7    00000001     --HOLE-- [fill = 0]
                  0033d1c8    00000074     OD.obj (.econst:_ODObjs)
                  0033d23c    00000034     CO_ODinterface.obj (.econst:_abortCodes$1)
                  0033d270    00000026     rts2800_fpu32.lib : _printfi.c.obj (.econst:.string)
                  0033d296    0000001c                       : _printfi.c.obj (.econst)
                  0033d2b2    0000001c                       : s_scalbn.c.obj (.econst)
                  0033d2ce    00000018     CO_driver.obj (.econst:_BTC_CONFIG_TABLE)
                  0033d2e6    00000016     crc.obj (.econst:.string)
                  0033d2fc    00000010     crc.obj (.econst:_crc_config)
                  0033d30c    0000000a     CO_LSSslave.obj (.econst:_CO_LSS_bitTimingTableLookup)
                  0033d316    00000008     rts2800_fpu32.lib : s_frexp.c.obj (.econst)
                  0033d31e    00000004     CO_Prog_F28335.obj (.econst:_$P$T0$1)
                  0033d322    00000002     rts2800_fpu32.lib : fputs.c.obj (.econst:.string)
                  0033d324    00000002     CO_Prog_F28335.obj (.econst)

boot_codestart 
*          0    0033fff6    00000002     
                  0033fff6    00000002     boot.obj (boot_codestart)

ramfuncs   0    0033c804    000007c2     RUN ADDR = 00008000
                  0033c804    00000020     Flash28335_API_V210.lib : Flash28_Erase.obj (.econst:_Sector$1)
                  0033c824    00000008                             : Flash28_Erase.obj (.econst:_SecKey$2)
                  0033c82c    000000aa                             : Flash28_Prog.obj (.text)
                  0033c8d6    000000a0                             : Flash28_Erase.obj (.text)
                  0033c976    0000009a                             : Flash28_Erase_Pulse.obj (.text)
                  0033ca10    00000084                             : Flash28_Internals.obj (.text)
                  0033ca94    00000080                             : Flash28_Prog_Pulse.obj (.text)
                  0033cb14    0000007d                             : Flash28_Compact_Pulse.obj (.text)
                  0033cb91    0000005a                             : Flash28_EraseSector.obj (.text)
                  0033cbeb    00000053                             : Flash28_CompactSector.obj (.text)
                  0033cc3e    00000041                             : Flash28_ClearLoop.obj (.text)
                  0033cc7f    00000033                             : Flash28_ClearSector.obj (.text)
                  0033ccb2    00000029                             : Flash28_Init.obj (.text)
                  0033ccdb    00000014                             : Flash28_Utils.obj (.text)
                  0033ccef    0000000d                             : Flash28_Delay.obj (.text)
                  0033ccfc    00000007                             : Flash28_DisInt.obj (.text)
                  0033cd03    000001b4     CO_LSSslave.obj (ramfuncs)
                  0033ceb7    000000c8     CO_SDOserver.obj (ramfuncs)
                  0033cf7f    00000027     bootloader.obj (ramfuncs)
                  0033cfa6    00000020     CO_NMT_Heartbeat.obj (ramfuncs)

.ebss      1    00000002    000005a6     UNINITIALIZED
                  00000002    0000002c     OD.obj (.ebss)
                  0000002e    0000000a     bootloader.obj (.ebss)
                  00000038    00000008     rts2800_fpu32.lib : hostopen.c.obj (.ebss:_parmbuf)
                  00000040    00000200     crc.obj (.ebss:_crc_table)
                  00000240    00000100     CO_Prog_F28335.obj (.ebss:_progBuffer)
                  00000340    000000a0     rts2800_fpu32.lib : defs.c.obj (.ebss:___TI_tmpnams)
                  000003e0    00000006                       : exit.c.obj (.ebss)
                  000003e6    00000004     Flash28335_API_V210.lib : Flash28_Globals.obj (.ebss)
                  000003ea    00000004     rts2800_fpu32.lib : memory.c.obj (.ebss)
                  000003ee    00000002                       : _lock.c.obj (.ebss:__lock)
                  000003f0    00000002                       : _lock.c.obj (.ebss:__unlock)
                  000003f2    00000001                       : defs.c.obj (.ebss)
                  000003f3    00000001                       : errno.c.obj (.ebss)
                  000003f4    00000001                       : fopen.c.obj (.ebss)
                  000003f5    00000001                       : open.c.obj (.ebss)
                  000003f6    0000000a     --HOLE--
                  00000400    00000078                       : defs.c.obj (.ebss:__ftable)
                  00000478    00000008     --HOLE--
                  00000480    00000068     OD.obj (.ebss:_ODList)
                  000004e8    00000018     --HOLE--
                  00000500    00000048     rts2800_fpu32.lib : host_device.c.obj (.ebss:__device)
                  00000548    00000028     CO_Prog_F28335.obj (.ebss)
                  00000570    00000010     --HOLE--
                  00000580    00000028     rts2800_fpu32.lib : host_device.c.obj (.ebss:__stream)

.data      1    00000002    00000000     UNINITIALIZED

.cio       1    000005c0    00000120     UNINITIALIZED
                  000005c0    00000120     rts2800_fpu32.lib : trgmsg.c.obj (.cio)

.esysmem   1    00009000    00001000     UNINITIALIZED
                  00009000    00000004     rts2800_fpu32.lib : memory.c.obj (.esysmem)
                  00009004    00000ffc     --HOLE--

.stack     1    0000a000    00001000     UNINITIALIZED
                  0000a000    00001000     --HOLE--

.reset     0    003fffc0    00000002     DSECT
                  003fffc0    00000002     rts2800_fpu32.lib : boot28.asm.obj (.reset)

PieVectTableFile 
*          1    00000d00    00000100     DSECT
                  00000d00    00000100     DSP2833x_GlobalVariableDefs.obj (PieVectTableFile)

DevEmuRegsFile 
*          1    00000880    000000d0     UNINITIALIZED
                  00000880    000000d0     DSP2833x_GlobalVariableDefs.obj (DevEmuRegsFile)

FlashRegsFile 
*          1    00000a80    00000008     UNINITIALIZED
                  00000a80    00000008     DSP2833x_GlobalVariableDefs.obj (FlashRegsFile)

CsmRegsFile 
*          1    00000ae0    00000010     UNINITIALIZED
                  00000ae0    00000010     DSP2833x_GlobalVariableDefs.obj (CsmRegsFile)

AdcMirrorFile 
*          1    00000b00    00000010     UNINITIALIZED
                  00000b00    00000010     DSP2833x_GlobalVariableDefs.obj (AdcMirrorFile)

XintfRegsFile 
*          1    00000b20    0000001e     UNINITIALIZED
                  00000b20    0000001e     DSP2833x_GlobalVariableDefs.obj (XintfRegsFile)

CpuTimer0RegsFile 
*          1    00000c00    00000008     UNINITIALIZED
                  00000c00    00000008     DSP2833x_GlobalVariableDefs.obj (CpuTimer0RegsFile)

CpuTimer1RegsFile 
*          1    00000c08    00000008     UNINITIALIZED
                  00000c08    00000008     DSP2833x_GlobalVariableDefs.obj (CpuTimer1RegsFile)

CpuTimer2RegsFile 
*          1    00000c10    00000008     UNINITIALIZED
                  00000c10    00000008     DSP2833x_GlobalVariableDefs.obj (CpuTimer2RegsFile)

PieCtrlRegsFile 
*          1    00000ce0    0000001a     UNINITIALIZED
                  00000ce0    0000001a     DSP2833x_GlobalVariableDefs.obj (PieCtrlRegsFile)

DmaRegsFile 
*          1    00001000    000000e0     UNINITIALIZED
                  00001000    000000e0     DSP2833x_GlobalVariableDefs.obj (DmaRegsFile)

McbspaRegsFile 
*          1    00005000    00000025     UNINITIALIZED
                  00005000    00000025     DSP2833x_GlobalVariableDefs.obj (McbspaRegsFile)

McbspbRegsFile 
*          1    00005040    00000025     UNINITIALIZED
                  00005040    00000025     DSP2833x_GlobalVariableDefs.obj (McbspbRegsFile)

ECanaRegsFile 
*          1    00006000    00000034     UNINITIALIZED
                  00006000    00000034     DSP2833x_GlobalVariableDefs.obj (ECanaRegsFile)

ECanaLAMRegsFile 
*          1    00006040    00000040     UNINITIALIZED
                  00006040    00000040     DSP2833x_GlobalVariableDefs.obj (ECanaLAMRegsFile)

ECanaMOTSRegsFile 
*          1    00006080    00000040     UNINITIALIZED
                  00006080    00000040     DSP2833x_GlobalVariableDefs.obj (ECanaMOTSRegsFile)

ECanaMOTORegsFile 
*          1    000060c0    00000040     UNINITIALIZED
                  000060c0    00000040     DSP2833x_GlobalVariableDefs.obj (ECanaMOTORegsFile)

ECanaMboxesFile 
*          1    00006100    00000100     UNINITIALIZED
                  00006100    00000100     DSP2833x_GlobalVariableDefs.obj (ECanaMboxesFile)

ECanbRegsFile 
*          1    00006200    00000034     UNINITIALIZED
                  00006200    00000034     DSP2833x_GlobalVariableDefs.obj (ECanbRegsFile)

ECanbLAMRegsFile 
*          1    00006240    00000040     UNINITIALIZED
                  00006240    00000040     DSP2833x_GlobalVariableDefs.obj (ECanbLAMRegsFile)

ECanbMOTSRegsFile 
*          1    00006280    00000040     UNINITIALIZED
                  00006280    00000040     DSP2833x_GlobalVariableDefs.obj (ECanbMOTSRegsFile)

ECanbMOTORegsFile 
*          1    000062c0    00000040     UNINITIALIZED
                  000062c0    00000040     DSP2833x_GlobalVariableDefs.obj (ECanbMOTORegsFile)

ECanbMboxesFile 
*          1    00006300    00000100     UNINITIALIZED
                  00006300    00000100     DSP2833x_GlobalVariableDefs.obj (ECanbMboxesFile)

EPwm1RegsFile 
*          1    00006800    00000022     UNINITIALIZED
                  00006800    00000022     DSP2833x_GlobalVariableDefs.obj (EPwm1RegsFile)

EPwm2RegsFile 
*          1    00006840    00000022     UNINITIALIZED
                  00006840    00000022     DSP2833x_GlobalVariableDefs.obj (EPwm2RegsFile)

EPwm3RegsFile 
*          1    00006880    00000022     UNINITIALIZED
                  00006880    00000022     DSP2833x_GlobalVariableDefs.obj (EPwm3RegsFile)

EPwm4RegsFile 
*          1    000068c0    00000022     UNINITIALIZED
                  000068c0    00000022     DSP2833x_GlobalVariableDefs.obj (EPwm4RegsFile)

EPwm5RegsFile 
*          1    00006900    00000022     UNINITIALIZED
                  00006900    00000022     DSP2833x_GlobalVariableDefs.obj (EPwm5RegsFile)

EPwm6RegsFile 
*          1    00006940    00000022     UNINITIALIZED
                  00006940    00000022     DSP2833x_GlobalVariableDefs.obj (EPwm6RegsFile)

ECap1RegsFile 
*          1    00006a00    00000020     UNINITIALIZED
                  00006a00    00000020     DSP2833x_GlobalVariableDefs.obj (ECap1RegsFile)

ECap2RegsFile 
*          1    00006a20    00000020     UNINITIALIZED
                  00006a20    00000020     DSP2833x_GlobalVariableDefs.obj (ECap2RegsFile)

ECap3RegsFile 
*          1    00006a40    00000020     UNINITIALIZED
                  00006a40    00000020     DSP2833x_GlobalVariableDefs.obj (ECap3RegsFile)

ECap4RegsFile 
*          1    00006a60    00000020     UNINITIALIZED
                  00006a60    00000020     DSP2833x_GlobalVariableDefs.obj (ECap4RegsFile)

ECap5RegsFile 
*          1    00006a80    00000020     UNINITIALIZED
                  00006a80    00000020     DSP2833x_GlobalVariableDefs.obj (ECap5RegsFile)

ECap6RegsFile 
*          1    00006aa0    00000020     UNINITIALIZED
                  00006aa0    00000020     DSP2833x_GlobalVariableDefs.obj (ECap6RegsFile)

EQep1RegsFile 
*          1    00006b00    00000040     UNINITIALIZED
                  00006b00    00000040     DSP2833x_GlobalVariableDefs.obj (EQep1RegsFile)

EQep2RegsFile 
*          1    00006b40    00000040     UNINITIALIZED
                  00006b40    00000040     DSP2833x_GlobalVariableDefs.obj (EQep2RegsFile)

GpioCtrlRegsFile 
*          1    00006f80    0000002e     UNINITIALIZED
                  00006f80    0000002e     DSP2833x_GlobalVariableDefs.obj (GpioCtrlRegsFile)

GpioDataRegsFile 
*          1    00006fc0    00000020     UNINITIALIZED
                  00006fc0    00000020     DSP2833x_GlobalVariableDefs.obj (GpioDataRegsFile)

GpioIntRegsFile 
*          1    00006fe0    0000000a     UNINITIALIZED
                  00006fe0    0000000a     DSP2833x_GlobalVariableDefs.obj (GpioIntRegsFile)

SysCtrlRegsFile 
*          1    00007010    00000020     UNINITIALIZED
                  00007010    00000020     DSP2833x_GlobalVariableDefs.obj (SysCtrlRegsFile)

SpiaRegsFile 
*          1    00007040    00000010     UNINITIALIZED
                  00007040    00000010     DSP2833x_GlobalVariableDefs.obj (SpiaRegsFile)

SciaRegsFile 
*          1    00007050    00000010     UNINITIALIZED
                  00007050    00000010     DSP2833x_GlobalVariableDefs.obj (SciaRegsFile)

XIntruptRegsFile 
*          1    00007070    00000010     UNINITIALIZED
                  00007070    00000010     DSP2833x_GlobalVariableDefs.obj (XIntruptRegsFile)

AdcRegsFile 
*          1    00007100    0000001e     UNINITIALIZED
                  00007100    0000001e     DSP2833x_GlobalVariableDefs.obj (AdcRegsFile)

ScibRegsFile 
*          1    00007750    00000010     UNINITIALIZED
                  00007750    00000010     DSP2833x_GlobalVariableDefs.obj (ScibRegsFile)

ScicRegsFile 
*          1    00007770    00000010     UNINITIALIZED
                  00007770    00000010     DSP2833x_GlobalVariableDefs.obj (ScicRegsFile)

I2caRegsFile 
*          1    00007900    00000022     UNINITIALIZED
                  00007900    00000022     DSP2833x_GlobalVariableDefs.obj (I2caRegsFile)

CsmPwlFile 
*          1    0033fff8    00000008     UNINITIALIZED
                  0033fff8    00000008     DSP2833x_GlobalVariableDefs.obj (CsmPwlFile)

PartIdRegsFile 
*          1    00380090    00000001     UNINITIALIZED
                  00380090    00000001     DSP2833x_GlobalVariableDefs.obj (PartIdRegsFile)

.binit     0    00008000    00000000     

MODULE SUMMARY

       Module                            code    initialized data   uninitialized data
       ------                            ----    ----------------   ------------------
    ./
       bootloader.obj                    651     23                 10                
       OD.obj                            0       278                148               
       eeprom.obj                        208     0                  0                 
       boot.obj                          10      0                  0                 
    +--+---------------------------------+-------+------------------+--------------------+
       Total:                            869     301                158               
                                                                                      
    ./302/
       CO_Prog_F28335.obj                716     24                 296               
       crc.obj                           208     43                 512               
       CO_Prog.obj                       111     0                  0                 
    +--+---------------------------------+-------+------------------+--------------------+
       Total:                            1035    67                 808               
                                                                                      
    ./CANopenNode/
       CANopen.obj                       587     0                  0                 
    +--+---------------------------------+-------+------------------+--------------------+
       Total:                            587     0                  0                 
                                                                                      
    ./CANopenNode/301/
       CO_SDOserver.obj                  4442    0                  0                 
       CO_Emergency.obj                  947     0                  0                 
       CO_ODinterface.obj                610     52                 0                 
       CO_NMT_Heartbeat.obj              586     0                  0                 
       crc16-ccitt.obj                   51      256                0                 
    +--+---------------------------------+-------+------------------+--------------------+
       Total:                            6636    308                0                 
                                                                                      
    ./CANopenNode/305/
       CO_LSSslave.obj                   1570    10                 0                 
    +--+---------------------------------+-------+------------------+--------------------+
       Total:                            1570    10                 0                 
                                                                                      
    ./port/
       CO_driver.obj                     1506    24                 0                 
    +--+---------------------------------+-------+------------------+--------------------+
       Total:                            1506    24                 0                 
                                                                                      
    ./port/DSP2833x_headers/v142/source/
       DSP2833x_GlobalVariableDefs.obj   0       0                  2423              
    +--+---------------------------------+-------+------------------+--------------------+
       Total:                            0       0                  2423              
                                                                                      
    /home/thomas/data/projects/side-quests/locked-c2000-f28335/ti-cgt-c2000_22.6.0.LTS/lib/rts2800_fpu32.lib
       _printfi.c.obj                    3269    66                 0                 
       memory.c.obj                      652     4                  4                 
       trgmsg.c.obj                      149     0                  288               
       defs.c.obj                        0       42                 281               
       fopen.c.obj                       289     4                  1                 
       ll_div28.asm.obj                  263     0                  0                 
       ctype.c.obj                       0       257                0                 
       s_scalbn.c.obj                    169     28                 0                 
       fputs.c.obj                       168     2                  0                 
       fd_add28.asm.obj                  156     0                  0                 
       host_device.c.obj                 0       41                 112               
       fd_div28.asm.obj                  139     0                  0                 
       fd_mpy28.asm.obj                  131     0                  0                 
       setvbuf.c.obj                     124     0                  0                 
       open.c.obj                        113     4                  1                 
       fflush.c.obj                      115     0                  0                 
       _io_perm.c.obj                    101     0                  0                 
       s_frexp.c.obj                     90      8                  0                 
       fclose.c.obj                      93      0                  0                 
       hostlseek.c.obj                   91      0                  0                 
       boot28.asm.obj                    86      0                  0                 
       fputc.c.obj                       83      0                  0                 
       getdevice.c.obj                   81      0                  0                 
       hostopen.c.obj                    56      0                  8                 
       hostrename.c.obj                  62      0                  0                 
       exit.c.obj                        41      14                 6                 
       fseek.c.obj                       61      0                  0                 
       hostwrite.c.obj                   55      0                  0                 
       hostread.c.obj                    54      0                  0                 
       close.c.obj                       51      0                  0                 
       atoi.c.obj                        49      0                  0                 
       fprintf.c.obj                     49      0                  0                 
       _ltoa.c.obj                       48      0                  0                 
       fd_cmp28.asm.obj                  42      0                  0                 
       l_div28.asm.obj                   42      0                  0                 
       hostclose.c.obj                   39      0                  0                 
       cpy_tbl.c.obj                     36      0                  0                 
       hostunlink.c.obj                  36      0                  0                 
       s_copysign.c.obj                  36      0                  0                 
       i_div28.asm.obj                   34      0                  0                 
       fd_toi28.asm.obj                  33      0                  0                 
       memmov.c.obj                      33      0                  0                 
       fd_tol28.asm.obj                  31      0                  0                 
       ll_cmp28.asm.obj                  30      0                  0                 
       i_tofd28.asm.obj                  29      0                  0                 
       memcpy.c.obj                      29      0                  0                 
       fs_tofdfpu32.asm.obj              28      0                  0                 
       l_tofd28.asm.obj                  28      0                  0                 
       unlink.c.obj                      25      0                  0                 
       write.c.obj                       25      0                  0                 
       ll_aox28.asm.obj                  24      0                  0                 
       lseek.c.obj                       24      0                  0                 
       _lock.c.obj                       9       10                 4                 
       strncpy.c.obj                     21      0                  0                 
       args_main.c.obj                   18      0                  0                 
       memccpy.c.obj                     16      0                  0                 
       fd_sub28.asm.obj                  14      0                  0                 
       memchr.c.obj                      13      0                  0                 
       strchr.c.obj                      12      0                  0                 
       strcmp.c.obj                      10      0                  0                 
       fd_neg28.asm.obj                  9       0                  0                 
       wcslen.c.obj                      9       0                  0                 
       strlen.c.obj                      8       0                  0                 
       memset.c.obj                      7       0                  0                 
       errno.c.obj                       0       4                  1                 
       strcpy.c.obj                      5       0                  0                 
       remove.c.obj                      3       0                  0                 
       pre_init.c.obj                    2       0                  0                 
       startup.c.obj                     1       0                  0                 
    +--+---------------------------------+-------+------------------+--------------------+
       Total:                            7649    484                706               
                                                                                      
    /home/thomas/workspace_ccstheia/CANopenNode_bootloader/port/flash_api/28335/v210/lib/Flash28335_API_V210.lib
       Flash28_Erase.obj                 320     80                 0                 
       Flash28_Prog.obj                  340     0                  0                 
       Flash28_Erase_Pulse.obj           308     0                  0                 
       Flash28_Internals.obj             264     0                  0                 
       Flash28_Prog_Pulse.obj            256     0                  0                 
       Flash28_Compact_Pulse.obj         250     0                  0                 
       Flash28_EraseSector.obj           180     0                  0                 
       Flash28_CompactSector.obj         166     0                  0                 
       Flash28_ClearLoop.obj             130     0                  0                 
       Flash28_ClearSector.obj           102     0                  0                 
       Flash28_Init.obj                  82      0                  0                 
       Flash28_Utils.obj                 40      0                  0                 
       Flash28_Delay.obj                 26      0                  0                 
       Flash28_DisInt.obj                14      0                  0                 
       Flash28_Globals.obj               0       10                 4                 
    +--+---------------------------------+-------+------------------+--------------------+
       Total:                            2478    90                 4                 
                                                                                      
       Heap:                             0       0                  4096              
       Stack:                            0       0                  4096              
    +--+---------------------------------+-------+------------------+--------------------+
       Grand Total:                      22330   1284               12291             


GLOBAL DATA SYMBOLS: SORTED BY DATA PAGE

address     data page           name
--------    ----------------    ----
00000002       0 (00000000)     _OD
00000008       0 (00000000)     _OD_RAM
00000018       0 (00000000)     _OD_PERSIST_COMM
00000038       0 (00000000)     _parmbuf

00000040       1 (00000040)     _crc_table

00000340       d (00000340)     ___TI_tmpnams

000003e0       f (000003c0)     ___TI_enable_exit_profile_output
000003e2       f (000003c0)     ___TI_cleanup_ptr
000003e4       f (000003c0)     ___TI_dtors_ptr
000003e6       f (000003c0)     _Flash_CallbackPtr
000003e8       f (000003c0)     _Flash_CPUScaleFactor
000003ee       f (000003c0)     __lock
000003f0       f (000003c0)     __unlock
000003f2       f (000003c0)     ___TI_ft_end
000003f3       f (000003c0)     _errno

00000400      10 (00000400)     __ftable

00000500      14 (00000500)     __device

00000580      16 (00000580)     __stream

000005c0      17 (000005c0)     __CIOBUF_

00000880      22 (00000880)     _DevEmuRegs

00000a80      2a (00000a80)     _FlashRegs

00000ae0      2b (00000ac0)     _CsmRegs

00000b00      2c (00000b00)     _AdcMirror
00000b20      2c (00000b00)     _XintfRegs

00000c00      30 (00000c00)     _CpuTimer0Regs
00000c08      30 (00000c00)     _CpuTimer1Regs
00000c10      30 (00000c00)     _CpuTimer2Regs

00000ce0      33 (00000cc0)     _PieCtrlRegs

00000d00      34 (00000d00)     _PieVectTable

00001000      40 (00001000)     _DmaRegs

00005000     140 (00005000)     _McbspaRegs

00005040     141 (00005040)     _McbspbRegs

00006000     180 (00006000)     _ECanaRegs

00006040     181 (00006040)     _ECanaLAMRegs

00006080     182 (00006080)     _ECanaMOTSRegs

000060c0     183 (000060c0)     _ECanaMOTORegs

00006100     184 (00006100)     _ECanaMboxes

00006200     188 (00006200)     _ECanbRegs

00006240     189 (00006240)     _ECanbLAMRegs

00006280     18a (00006280)     _ECanbMOTSRegs

000062c0     18b (000062c0)     _ECanbMOTORegs

00006300     18c (00006300)     _ECanbMboxes

00006800     1a0 (00006800)     _EPwm1Regs

00006840     1a1 (00006840)     _EPwm2Regs

00006880     1a2 (00006880)     _EPwm3Regs

000068c0     1a3 (000068c0)     _EPwm4Regs

00006900     1a4 (00006900)     _EPwm5Regs

00006940     1a5 (00006940)     _EPwm6Regs

00006a00     1a8 (00006a00)     _ECap1Regs
00006a20     1a8 (00006a00)     _ECap2Regs

00006a40     1a9 (00006a40)     _ECap3Regs
00006a60     1a9 (00006a40)     _ECap4Regs

00006a80     1aa (00006a80)     _ECap5Regs
00006aa0     1aa (00006a80)     _ECap6Regs

00006b00     1ac (00006b00)     _EQep1Regs

00006b40     1ad (00006b40)     _EQep2Regs

00006f80     1be (00006f80)     _GpioCtrlRegs

00006fc0     1bf (00006fc0)     _GpioDataRegs
00006fe0     1bf (00006fc0)     _GpioIntRegs

00007010     1c0 (00007000)     _SysCtrlRegs

00007040     1c1 (00007040)     _SpiaRegs
00007050     1c1 (00007040)     _SciaRegs
00007070     1c1 (00007040)     _XIntruptRegs

00007100     1c4 (00007100)     _AdcRegs

00007750     1dd (00007740)     _ScibRegs
00007770     1dd (00007740)     _ScicRegs

00007900     1e4 (00007900)     _I2caRegs

00008028     200 (00008000)     _Flash28335_Program

000080d2     203 (000080c0)     _Flash28335_Erase

00008172     205 (00008140)     _Fl28x_EraseVerify

000081ba     206 (00008180)     _Fl28x_ErasePulse

0000820c     208 (00008200)     _Fl28x_LeaveCmdMode
00008219     208 (00008200)     _Fl28x_EnterCmdMode
0000823e     208 (00008200)     _Fl28x_FlashRegSleep

0000825d     209 (00008240)     _Fl28x_OpenPulse
0000826e     209 (00008240)     _Fl28x_ClosePulse

00008285     20a (00008280)     _Fl28x_MaskAll
00008290     20a (00008280)     _Fl28x_ProgVerify

000082ce     20b (000082c0)     _Fl28x_ProgPulse

00008310     20c (00008300)     _Fl28x_CompactVerify

0000834a     20d (00008340)     _Fl28x_CompactPulse

0000838d     20e (00008380)     _Fl28335_EraseSector

000083e7     20f (000083c0)     _Fl28335_CompactSector

0000843a     210 (00008400)     _Fl28x_ClearLoop

0000847b     211 (00008440)     _Fl28335_ClearSector

000084ae     212 (00008480)     _Fl28335_Init

000084d7     213 (000084c0)     _Fl28x_WatchDogDisable
000084df     213 (000084c0)     _Fl28x_DisableNMI
000084eb     213 (000084c0)     _Fl28x_Delay
000084f8     213 (000084c0)     _Fl28x_DisableInt
000084fc     213 (000084c0)     _Fl28x_RestoreInt

0000877b     21d (00008740)     _Device_reset

00009000     240 (00009000)     __sys_memory

0000a000     280 (0000a000)     __stack

0033cfc6    cf3f (0033cfc0)     __ctypes_

0033d2fc    cf4b (0033d2c0)     _crc_config

0033fff8    cfff (0033ffc0)     _CsmPwl

00380090    e002 (00380080)     _PartIdRegs


GLOBAL SYMBOLS: SORTED ALPHABETICALLY BY Name 

page  address   name                                    
----  -------   ----                                    
1     00000002  .data                                   
0     00338000  .text                                   
0     0033c52f  C$$EXIT                                 
0     0033bd33  C$$IO$$                                 
0     0033bc43  FD$$ADD                                 
0     0033c4db  FD$$CMP                                 
0     0033bd75  FD$$DIV                                 
0     0033be00  FD$$MPY                                 
0     0033c7d1  FD$$NEG                                 
0     0033c797  FD$$SUB                                 
0     0033c60d  FD$$TOI                                 
0     0033c64f  FD$$TOL                                 
0     0033c6c6  FS$$TOFD                                
0     0033c5eb  I$$DIV                                  
0     0033c5fc  I$$MOD                                  
0     0033c68c  I$$TOFD                                 
0     0033c505  L$$DIV                                  
0     0033c514  L$$MOD                                  
0     0033c6e2  L$$TOFD                                 
0     0033c730  LL$$AND                                 
0     0033c66e  LL$$CMP                                 
0     0033b84b  LL$$DIV                                 
0     0033b887  LL$$MOD                                 
0     0033c738  LL$$OR                                  
0     0033c740  LL$$XOR                                 
0     0033c522  UL$$DIV                                 
0     0033c529  UL$$MOD                                 
0     0033c680  ULL$$CMP                                
0     0033b8c1  ULL$$DIV                                
0     0033b8f0  ULL$$MOD                                
1     00000b00  _AdcMirror                              
1     00007100  _AdcRegs                                
0     00339c8f  _BitRateIsSupported                     
0     0033a039  _CO_CANclearPendingSyncPDOs             
0     0033b188  _CO_CANinit                             
0     00339e88  _CO_CANmodule_disable                   
0     00339cf9  _CO_CANmodule_init                      
0     0033a08b  _CO_CANmodule_process                   
0     0033b1ce  _CO_CANopenInit                         
0     0033b26d  _CO_CANopenInitPDO                      
0     0033a0f0  _CO_CANpacket_process                   
0     00339eab  _CO_CANrxBufferInit                     
0     00339f7c  _CO_CANsend                             
0     00339cab  _CO_CANsetConfigurationMode             
0     00339cd1  _CO_CANsetNormalMode                    
0     00339f4e  _CO_CANtxBufferInit                     
0     0033a38c  _CO_EM_init                             
0     0033a461  _CO_EM_process                          
0     0033b1ab  _CO_LSSinit                             
0     0033a8f0  _CO_LSSslave_init                       
0     0033a96c  _CO_LSSslave_initActivateBitRateCallback
0     0033a97d  _CO_LSSslave_initCfgStoreCallback       
0     0033a95b  _CO_LSSslave_initCheckBitRateCallback   
0     0033a98e  _CO_LSSslave_process                    
0     0033b5bc  _CO_NMT_init                            
0     0033b664  _CO_NMT_process                         
0     0033a8b9  _CO_Prog_F28335_init                    
0     0033bfef  _CO_Prog_init                           
0     003381df  _CO_SDOserver_init                      
0     00338564  _CO_SDOserver_process                   
0     0033b14a  _CO_delete                              
0     0033a5a1  _CO_error                               
0     0033b180  _CO_isLSSslaveEnabled                   
0     0033b0a1  _CO_new                                 
0     0033b287  _CO_process                             
0     0033a713  _CheckAppAndJump                        
0     0033a6e4  _CheckAppCrc                            
1     00000c00  _CpuTimer0Regs                          
1     00000c08  _CpuTimer1Regs                          
1     00000c10  _CpuTimer2Regs                          
1     0033fff8  _CsmPwl                                 
1     00000ae0  _CsmRegs                                
1     00000880  _DevEmuRegs                             
0     0000877b  _Device_reset                           
1     00001000  _DmaRegs                                
1     00006040  _ECanaLAMRegs                           
1     000060c0  _ECanaMOTORegs                          
1     00006080  _ECanaMOTSRegs                          
1     00006100  _ECanaMboxes                            
1     00006000  _ECanaRegs                              
1     00006240  _ECanbLAMRegs                           
1     000062c0  _ECanbMOTORegs                          
1     00006280  _ECanbMOTSRegs                          
1     00006300  _ECanbMboxes                            
1     00006200  _ECanbRegs                              
1     00006a00  _ECap1Regs                              
1     00006a20  _ECap2Regs                              
1     00006a40  _ECap3Regs                              
1     00006a60  _ECap4Regs                              
1     00006a80  _ECap5Regs                              
1     00006aa0  _ECap6Regs                              
0     0033ba22  _EEPROM_init                            
0     0033ba4d  _EEPROM_read                            
0     0033baaa  _EEPROM_write                           
1     00006800  _EPwm1Regs                              
1     00006840  _EPwm2Regs                              
1     00006880  _EPwm3Regs                              
1     000068c0  _EPwm4Regs                              
1     00006900  _EPwm5Regs                              
1     00006940  _EPwm6Regs                              
1     00006b00  _EQep1Regs                              
1     00006b40  _EQep2Regs                              
0     0000847b  _Fl28335_ClearSector                    
0     000083e7  _Fl28335_CompactSector                  
0     0000838d  _Fl28335_EraseSector                    
0     000084ae  _Fl28335_Init                           
0     0000843a  _Fl28x_ClearLoop                        
0     0000826e  _Fl28x_ClosePulse                       
0     0000834a  _Fl28x_CompactPulse                     
0     00008310  _Fl28x_CompactVerify                    
0     000084eb  _Fl28x_Delay                            
0     000084f8  _Fl28x_DisableInt                       
0     000084df  _Fl28x_DisableNMI                       
0     00008219  _Fl28x_EnterCmdMode                     
0     000081ba  _Fl28x_ErasePulse                       
0     00008172  _Fl28x_EraseVerify                      
0     0000823e  _Fl28x_FlashRegSleep                    
0     0000820c  _Fl28x_LeaveCmdMode                     
0     00008285  _Fl28x_MaskAll                          
0     0000825d  _Fl28x_OpenPulse                        
0     000082ce  _Fl28x_ProgPulse                        
0     00008290  _Fl28x_ProgVerify                       
0     000084fc  _Fl28x_RestoreInt                       
0     000084d7  _Fl28x_WatchDogDisable                  
0     000080d2  _Flash28335_Erase                       
0     00008028  _Flash28335_Program                     
1     00000a80  _FlashRegs                              
1     000003e8  _Flash_CPUScaleFactor                   
1     000003e6  _Flash_CallbackPtr                      
1     00006f80  _GpioCtrlRegs                           
1     00006fc0  _GpioDataRegs                           
1     00006fe0  _GpioIntRegs                            
0     0033c558  _HOSTclose                              
0     0033c114  _HOSTlseek                              
0     0033c33e  _HOSTopen                               
0     0033c3ad  _HOSTread                               
0     0033c2c3  _HOSTrename                             
0     0033c5a3  _HOSTunlink                             
0     0033c376  _HOSTwrite                              
1     00007900  _I2caRegs                               
1     00005000  _McbspaRegs                             
1     00005040  _McbspbRegs                             
1     00000002  _OD                                     
1     00000018  _OD_PERSIST_COMM                        
1     00000008  _OD_RAM                                 
0     0033aeeb  _OD_find                                
0     0033b069  _OD_getPtr                              
0     0033b005  _OD_getSDOabCode                        
0     0033af28  _OD_getSub                              
0     0033b019  _OD_get_value                           
0     0033ae36  _OD_readOriginal                        
0     0033b043  _OD_set_value                           
0     0033ae87  _OD_writeOriginal                       
1     00380090  _PartIdRegs                             
1     00000ce0  _PieCtrlRegs                            
0     00000d00  _PieVectTable                           
0     0033cfc6  _RamfuncsLoadEnd                        
abs   000007c2  _RamfuncsLoadSize                       
0     0033c804  _RamfuncsLoadStart                      
0     00008000  _RamfuncsRunStart                       
1     00007050  _SciaRegs                               
1     00007750  _ScibRegs                               
1     00007770  _ScicRegs                               
1     00007040  _SpiaRegs                               
1     00007010  _SysCtrlRegs                            
1     00007070  _XIntruptRegs                           
1     00000b20  _XintfRegs                              
1     000005c0  __CIOBUF_                               
1     0000b000  __STACK_END                             
abs   00001000  __STACK_SIZE                            
abs   00001000  __SYSMEM_SIZE                           
0     0033b7c9  ___TI_cleanup                           
1     000003e2  ___TI_cleanup_ptr                       
0     0033c0b7  ___TI_closefile                         
0     0033beff  ___TI_doflush                           
1     000003e4  ___TI_dtors_ptr                         
1     000003e0  ___TI_enable_exit_profile_output        
1     000003f2  ___TI_ft_end                            
0     0033ae34  ___TI_heap_check                        
0     0033ae17  ___TI_heap_largest_available            
0     0033adfa  ___TI_heap_total_available              
0     0033c4ab  ___TI_ltoa                              
abs   ffffffff  ___TI_pprof_out_hndl                    
0     00339b0a  ___TI_printfi                           
abs   ffffffff  ___TI_prof_data_size                    
abs   ffffffff  ___TI_prof_data_start                   
0     0033c08c  ___TI_rd_ok                             
0     0033bd38  ___TI_readmsg                           
1     00000340  ___TI_tmpnams                           
0     0033bce0  ___TI_writemsg                          
0     0033c052  ___TI_wrt_ok                            
abs   ffffffff  ___binit__                              
abs   ffffffff  ___c_args__                             
0     0033d326  ___cinit__                              
1     00000002  ___data__                               
1     00000002  ___edata__                              
0     0033c804  ___etext__                              
abs   ffffffff  ___pinit__                              
0     00338000  ___text__                               
0     0033c775  __args_main                             
0     0033cfc6  __ctypes_                               
1     00000500  __device                                
1     00000400  __ftable                                
1     000003ee  __lock                                  
0     0033c7d0  __nop                                   
0     0033c7cc  __register_lock                         
0     0033c7c8  __register_unlock                       
1     0000a000  __stack                                 
1     00000580  __stream                                
1     00009000  __sys_memory                            
0     0033bcdf  __system_post_cinit                     
0     0033c802  __system_pre_init                       
1     000003f0  __unlock                                
0     0033c52f  _abort                                  
0     0033ad54  _aligned_alloc                          
0     0033c449  _atoi                                   
0     0033c1c9  _c_int00                                
0     0033ad27  _calloc                                 
0     0033c416  _close                                  
0     0033c57f  _copy_in                                
0     0033c5c7  _copysignl                              
0     0033c3f5  _crc16_ccitt                            
0     0033c3e3  _crc16_ccitt_single                     
0     0033d2fc  _crc_config                             
1     00000040  _crc_table                              
1     000003f3  _errno                                  
0     0033c531  _exit                                   
0     0033c0fb  _fclose                                 
0     0033bf2e  _fflush                                 
0     0033b952  _find_config                            
0     0033c272  _finddevice                             
0     0033b804  _fopen                                  
0     0033c480  _fprintf                                
0     0033c21f  _fputc                                  
0     0033bb9b  _fputs                                  
0     0033abd5  _free                                   
0     0033b7e6  _freopen                                
0     0033c16f  _frexpl                                 
0     0033c301  _fseek                                  
0     0033c301  _fseeko                                 
0     0033b9d6  _gen_crc                                
0     0033b999  _generate_crc_table                     
0     0033b97e  _generate_mask                          
0     0033c28d  _getdevice                              
0     0033baf2  _ldexpl                                 
0     0033c748  _lseek                                  
0     0033b367  _main                                   
0     0033abaa  _malloc                                 
0     0033ad54  _memalign                               
0     0033c787  _memccpy                                
0     0033c7a5  _memchr                                 
0     0033c6a9  _memcpy                                 
0     0033c62e  _memmove                                
0     0033c7f3  _memset                                 
0     0033ad23  _minit                                  
0     0033bf72  _open                                   
1     00000038  _parmbuf                                
0     0033c21f  _putc                                   
0     0033c26d  _putchar                                
0     0033bc30  _puts                                   
0     0033ac9f  _realloc                                
0     0033c7ff  _remove                                 
0     0033baf2  _scalbnl                                
0     0033be83  _setvbuf                                
0     0033c7b2  _strchr                                 
0     0033c7be  _strcmp                                 
0     0033c7fa  _strcpy                                 
0     0033c7eb  _strlen                                 
0     0033c760  _strncpy                                
0     0033c6fe  _unlink                                 
0     0033c7da  _wcslen                                 
0     0033c717  _write                                  
abs   ffffffff  binit                                   
0     0033fff6  boot_code_start                         
0     0033d326  cinit                                   
1     00000002  edata                                   
0     0033c804  etext                                   
abs   ffffffff  pinit                                   


GLOBAL SYMBOLS: SORTED BY Symbol Address 

page  address   name                                    
----  -------   ----                                    
0     00000d00  _PieVectTable                           
0     00008000  _RamfuncsRunStart                       
0     00008028  _Flash28335_Program                     
0     000080d2  _Flash28335_Erase                       
0     00008172  _Fl28x_EraseVerify                      
0     000081ba  _Fl28x_ErasePulse                       
0     0000820c  _Fl28x_LeaveCmdMode                     
0     00008219  _Fl28x_EnterCmdMode                     
0     0000823e  _Fl28x_FlashRegSleep                    
0     0000825d  _Fl28x_OpenPulse                        
0     0000826e  _Fl28x_ClosePulse                       
0     00008285  _Fl28x_MaskAll                          
0     00008290  _Fl28x_ProgVerify                       
0     000082ce  _Fl28x_ProgPulse                        
0     00008310  _Fl28x_CompactVerify                    
0     0000834a  _Fl28x_CompactPulse                     
0     0000838d  _Fl28335_EraseSector                    
0     000083e7  _Fl28335_CompactSector                  
0     0000843a  _Fl28x_ClearLoop                        
0     0000847b  _Fl28335_ClearSector                    
0     000084ae  _Fl28335_Init                           
0     000084d7  _Fl28x_WatchDogDisable                  
0     000084df  _Fl28x_DisableNMI                       
0     000084eb  _Fl28x_Delay                            
0     000084f8  _Fl28x_DisableInt                       
0     000084fc  _Fl28x_RestoreInt                       
0     0000877b  _Device_reset                           
0     00338000  .text                                   
0     00338000  ___text__                               
0     003381df  _CO_SDOserver_init                      
0     00338564  _CO_SDOserver_process                   
0     00339b0a  ___TI_printfi                           
0     00339c8f  _BitRateIsSupported                     
0     00339cab  _CO_CANsetConfigurationMode             
0     00339cd1  _CO_CANsetNormalMode                    
0     00339cf9  _CO_CANmodule_init                      
0     00339e88  _CO_CANmodule_disable                   
0     00339eab  _CO_CANrxBufferInit                     
0     00339f4e  _CO_CANtxBufferInit                     
0     00339f7c  _CO_CANsend                             
0     0033a039  _CO_CANclearPendingSyncPDOs             
0     0033a08b  _CO_CANmodule_process                   
0     0033a0f0  _CO_CANpacket_process                   
0     0033a38c  _CO_EM_init                             
0     0033a461  _CO_EM_process                          
0     0033a5a1  _CO_error                               
0     0033a6e4  _CheckAppCrc                            
0     0033a713  _CheckAppAndJump                        
0     0033a8b9  _CO_Prog_F28335_init                    
0     0033a8f0  _CO_LSSslave_init                       
0     0033a95b  _CO_LSSslave_initCheckBitRateCallback   
0     0033a96c  _CO_LSSslave_initActivateBitRateCallback
0     0033a97d  _CO_LSSslave_initCfgStoreCallback       
0     0033a98e  _CO_LSSslave_process                    
0     0033abaa  _malloc                                 
0     0033abd5  _free                                   
0     0033ac9f  _realloc                                
0     0033ad23  _minit                                  
0     0033ad27  _calloc                                 
0     0033ad54  _aligned_alloc                          
0     0033ad54  _memalign                               
0     0033adfa  ___TI_heap_total_available              
0     0033ae17  ___TI_heap_largest_available            
0     0033ae34  ___TI_heap_check                        
0     0033ae36  _OD_readOriginal                        
0     0033ae87  _OD_writeOriginal                       
0     0033aeeb  _OD_find                                
0     0033af28  _OD_getSub                              
0     0033b005  _OD_getSDOabCode                        
0     0033b019  _OD_get_value                           
0     0033b043  _OD_set_value                           
0     0033b069  _OD_getPtr                              
0     0033b0a1  _CO_new                                 
0     0033b14a  _CO_delete                              
0     0033b180  _CO_isLSSslaveEnabled                   
0     0033b188  _CO_CANinit                             
0     0033b1ab  _CO_LSSinit                             
0     0033b1ce  _CO_CANopenInit                         
0     0033b26d  _CO_CANopenInitPDO                      
0     0033b287  _CO_process                             
0     0033b367  _main                                   
0     0033b5bc  _CO_NMT_init                            
0     0033b664  _CO_NMT_process                         
0     0033b7c9  ___TI_cleanup                           
0     0033b7e6  _freopen                                
0     0033b804  _fopen                                  
0     0033b84b  LL$$DIV                                 
0     0033b887  LL$$MOD                                 
0     0033b8c1  ULL$$DIV                                
0     0033b8f0  ULL$$MOD                                
0     0033b952  _find_config                            
0     0033b97e  _generate_mask                          
0     0033b999  _generate_crc_table                     
0     0033b9d6  _gen_crc                                
0     0033ba22  _EEPROM_init                            
0     0033ba4d  _EEPROM_read                            
0     0033baaa  _EEPROM_write                           
0     0033baf2  _ldexpl                                 
0     0033baf2  _scalbnl                                
0     0033bb9b  _fputs                                  
0     0033bc30  _puts                                   
0     0033bc43  FD$$ADD                                 
0     0033bcdf  __system_post_cinit                     
0     0033bce0  ___TI_writemsg                          
0     0033bd33  C$$IO$$                                 
0     0033bd38  ___TI_readmsg                           
0     0033bd75  FD$$DIV                                 
0     0033be00  FD$$MPY                                 
0     0033be83  _setvbuf                                
0     0033beff  ___TI_doflush                           
0     0033bf2e  _fflush                                 
0     0033bf72  _open                                   
0     0033bfef  _CO_Prog_init                           
0     0033c052  ___TI_wrt_ok                            
0     0033c08c  ___TI_rd_ok                             
0     0033c0b7  ___TI_closefile                         
0     0033c0fb  _fclose                                 
0     0033c114  _HOSTlseek                              
0     0033c16f  _frexpl                                 
0     0033c1c9  _c_int00                                
0     0033c21f  _fputc                                  
0     0033c21f  _putc                                   
0     0033c26d  _putchar                                
0     0033c272  _finddevice                             
0     0033c28d  _getdevice                              
0     0033c2c3  _HOSTrename                             
0     0033c301  _fseek                                  
0     0033c301  _fseeko                                 
0     0033c33e  _HOSTopen                               
0     0033c376  _HOSTwrite                              
0     0033c3ad  _HOSTread                               
0     0033c3e3  _crc16_ccitt_single                     
0     0033c3f5  _crc16_ccitt                            
0     0033c416  _close                                  
0     0033c449  _atoi                                   
0     0033c480  _fprintf                                
0     0033c4ab  ___TI_ltoa                              
0     0033c4db  FD$$CMP                                 
0     0033c505  L$$DIV                                  
0     0033c514  L$$MOD                                  
0     0033c522  UL$$DIV                                 
0     0033c529  UL$$MOD                                 
0     0033c52f  C$$EXIT                                 
0     0033c52f  _abort                                  
0     0033c531  _exit                                   
0     0033c558  _HOSTclose                              
0     0033c57f  _copy_in                                
0     0033c5a3  _HOSTunlink                             
0     0033c5c7  _copysignl                              
0     0033c5eb  I$$DIV                                  
0     0033c5fc  I$$MOD                                  
0     0033c60d  FD$$TOI                                 
0     0033c62e  _memmove                                
0     0033c64f  FD$$TOL                                 
0     0033c66e  LL$$CMP                                 
0     0033c680  ULL$$CMP                                
0     0033c68c  I$$TOFD                                 
0     0033c6a9  _memcpy                                 
0     0033c6c6  FS$$TOFD                                
0     0033c6e2  L$$TOFD                                 
0     0033c6fe  _unlink                                 
0     0033c717  _write                                  
0     0033c730  LL$$AND                                 
0     0033c738  LL$$OR                                  
0     0033c740  LL$$XOR                                 
0     0033c748  _lseek                                  
0     0033c760  _strncpy                                
0     0033c775  __args_main                             
0     0033c787  _memccpy                                
0     0033c797  FD$$SUB                                 
0     0033c7a5  _memchr                                 
0     0033c7b2  _strchr                                 
0     0033c7be  _strcmp                                 
0     0033c7c8  __register_unlock                       
0     0033c7cc  __register_lock                         
0     0033c7d0  __nop                                   
0     0033c7d1  FD$$NEG                                 
0     0033c7da  _wcslen                                 
0     0033c7eb  _strlen                                 
0     0033c7f3  _memset                                 
0     0033c7fa  _strcpy                                 
0     0033c7ff  _remove                                 
0     0033c802  __system_pre_init                       
0     0033c804  _RamfuncsLoadStart                      
0     0033c804  ___etext__                              
0     0033c804  etext                                   
0     0033cfc6  _RamfuncsLoadEnd                        
0     0033cfc6  __ctypes_                               
0     0033d2fc  _crc_config                             
0     0033d326  ___cinit__                              
0     0033d326  cinit                                   
0     0033fff6  boot_code_start                         
1     00000002  .data                                   
1     00000002  _OD                                     
1     00000002  ___data__                               
1     00000002  ___edata__                              
1     00000002  edata                                   
1     00000008  _OD_RAM                                 
1     00000018  _OD_PERSIST_COMM                        
1     00000038  _parmbuf                                
1     00000040  _crc_table                              
1     00000340  ___TI_tmpnams                           
1     000003e0  ___TI_enable_exit_profile_output        
1     000003e2  ___TI_cleanup_ptr                       
1     000003e4  ___TI_dtors_ptr                         
1     000003e6  _Flash_CallbackPtr                      
1     000003e8  _Flash_CPUScaleFactor                   
1     000003ee  __lock                                  
1     000003f0  __unlock                                
1     000003f2  ___TI_ft_end                            
1     000003f3  _errno                                  
1     00000400  __ftable                                
1     00000500  __device                                
1     00000580  __stream                                
1     000005c0  __CIOBUF_                               
1     00000880  _DevEmuRegs                             
1     00000a80  _FlashRegs                              
1     00000ae0  _CsmRegs                                
1     00000b00  _AdcMirror                              
1     00000b20  _XintfRegs                              
1     00000c00  _CpuTimer0Regs                          
1     00000c08  _CpuTimer1Regs                          
1     00000c10  _CpuTimer2Regs                          
1     00000ce0  _PieCtrlRegs                            
1     00001000  _DmaRegs                                
1     00005000  _McbspaRegs                             
1     00005040  _McbspbRegs                             
1     00006000  _ECanaRegs                              
1     00006040  _ECanaLAMRegs                           
1     00006080  _ECanaMOTSRegs                          
1     000060c0  _ECanaMOTORegs                          
1     00006100  _ECanaMboxes                            
1     00006200  _ECanbRegs                              
1     00006240  _ECanbLAMRegs                           
1     00006280  _ECanbMOTSRegs                          
1     000062c0  _ECanbMOTORegs                          
1     00006300  _ECanbMboxes                            
1     00006800  _EPwm1Regs                              
1     00006840  _EPwm2Regs                              
1     00006880  _EPwm3Regs                              
1     000068c0  _EPwm4Regs                              
1     00006900  _EPwm5Regs                              
1     00006940  _EPwm6Regs                              
1     00006a00  _ECap1Regs                              
1     00006a20  _ECap2Regs                              
1     00006a40  _ECap3Regs                              
1     00006a60  _ECap4Regs                              
1     00006a80  _ECap5Regs                              
1     00006aa0  _ECap6Regs                              
1     00006b00  _EQep1Regs                              
1     00006b40  _EQep2Regs                              
1     00006f80  _GpioCtrlRegs                           
1     00006fc0  _GpioDataRegs                           
1     00006fe0  _GpioIntRegs                            
1     00007010  _SysCtrlRegs                            
1     00007040  _SpiaRegs                               
1     00007050  _SciaRegs                               
1     00007070  _XIntruptRegs                           
1     00007100  _AdcRegs                                
1     00007750  _ScibRegs                               
1     00007770  _ScicRegs                               
1     00007900  _I2caRegs                               
1     00009000  __sys_memory                            
1     0000a000  __stack                                 
1     0000b000  __STACK_END                             
1     0033fff8  _CsmPwl                                 
1     00380090  _PartIdRegs                             
abs   000007c2  _RamfuncsLoadSize                       
abs   00001000  __STACK_SIZE                            
abs   00001000  __SYSMEM_SIZE                           
abs   ffffffff  ___TI_pprof_out_hndl                    
abs   ffffffff  ___TI_prof_data_size                    
abs   ffffffff  ___TI_prof_data_start                   
abs   ffffffff  ___binit__                              
abs   ffffffff  ___c_args__                             
abs   ffffffff  ___pinit__                              
abs   ffffffff  binit                                   
abs   ffffffff  pinit                                   

[278 symbols]
